Command: c:\dev\tools\esp-idf-tools\python_env\idf5.5_py3.11_env\Scripts\python.exe c:\esp\esp-idf-v5.5.2\tools/idf_monitor.py -p COM5 -b 115200 --toolchain-prefix xtensa-esp32s3-elf- --target esp32s3 --revision 0 E:\ESP_IDF_Proj\Heltec_LoRa_WiFi_GPS\build\Heltec_LoRa_WiFi_GPS.elf E:\ESP_IDF_Proj\Heltec_LoRa_WiFi_GPS\build\bootloader\bootloader.elf --force-color -m 'c:\dev\tools\esp-idf-tools\python_env\idf5.5_py3.11_env\Scripts\python.exe' 'c:\esp\esp-idf-v5.5.2\tools\idf.py'
�*�����block �ESP-ROM:esp32s3-20210327
Build:Mar 27 2021
rst:0x1 (POWERON),boot:0x18 (SPI_FAST_FLASH_BOOT)
SPIWP:0xee
mode:DIO, clock div:1
load:0x3fce2820,len:0x158c
load:0x403c8700,len:0xd24
load:0x403cb700,len:0x2f34
entry 0x403c8924
[0;32mI (24) boot: ESP-IDF v5.5.2 2nd stage bootloader[0m
[0;32mI (25) boot: compile time Mar 26 2026 17:58:07[0m
[0;32mI (25) boot: Multicore bootloader[0m
[0;32mI (25) boot: chip revision: v0.2[0m
[0;32mI (28) boot: efuse block revision: v1.3[0m
[0;32mI (31) boot.esp32s3: Boot SPI Speed : 80MHz[0m
[0;32mI (35) boot.esp32s3: SPI Mode       : DIO[0m
[0;32mI (39) boot.esp32s3: SPI Flash Size : 2MB[0m
[0;32mI (43) boot: Enabling RNG early entropy source...[0m
[0;32mI (47) boot: Partition Table:[0m
[0;32mI (50) boot: ## Label            Usage          Type ST Offset   Length[0m
[0;32mI (56) boot:  0 nvs              WiFi data        01 02 00009000 00006000[0m
[0;32mI (63) boot:  1 phy_init         RF data          01 01 0000f000 00001000[0m
[0;32mI (69) boot:  2 factory          factory app      00 00 00010000 00100000[0m
[0;32mI (76) boot: End of partition table[0m
[0;32mI (79) esp_image: segment 0: paddr=00010020 vaddr=3c020020 size=0d17ch ( 53628) map[0m
[0;32mI (96) esp_image: segment 1: paddr=0001d1a4 vaddr=3fc94000 size=02e74h ( 11892) load[0m
[0;32mI (99) esp_image: segment 2: paddr=00020020 vaddr=42000020 size=1ec78h (126072) map[0m
[0;32mI (123) esp_image: segment 3: paddr=0003eca0 vaddr=3fc96e74 size=0007ch (   124) load[0m
[0;32mI (124) esp_image: segment 4: paddr=0003ed24 vaddr=40374000 size=0ff80h ( 65408) load[0m
[0;32mI (141) esp_image: segment 5: paddr=0004ecac vaddr=50000000 size=00020h (    32) load[0m
[0;32mI (148) boot: Loaded app from partition at offset 0x10000[0m
[0;32mI (148) boot: Disabling RNG early entropy source...[0m
[0;32mI (159) cpu_start: Multicore app[0m
[0;32mI (168) cpu_start: GPIO 44 and 43 are used as console UART I/O pins[0m
[0;32mI (168) cpu_start: Pro cpu start user code[0m
[0;32mI (168) cpu_start: cpu freq: 160000000 Hz[0m
[0;32mI (170) app_init: Application information:[0m
[0;32mI (174) app_init: Project name:     Heltec_LoRa_WiFi_GPS[0m
[0;32mI (179) app_init: App version:      a4c6a33-dirty[0m
[0;32mI (183) app_init: Compile time:     Mar 26 2026 17:56:43[0m
[0;32mI (188) app_init: ELF file SHA256:  c42d577ea...[0m
[0;32mI (193) app_init: ESP-IDF:          v5.5.2[0m
[0;32mI (196) efuse_init: Min chip rev:     v0.0[0m
[0;32mI (200) efuse_init: Max chip rev:     v0.99 [0m
[0;32mI (204) efuse_init: Chip rev:         v0.2[0m
[0;32mI (208) heap_init: Initializing. RAM available for dynamic allocation:[0m
[0;32mI (214) heap_init: At 3FC97C88 len 00051A88 (326 KiB): RAM[0m
[0;32mI (220) heap_init: At 3FCE9710 len 00005724 (21 KiB): RAM[0m
[0;32mI (225) heap_init: At 3FCF0000 len 00008000 (32 KiB): DRAM[0m
[0;32mI (230) heap_init: At 600FE000 len 00001FE8 (7 KiB): RTCRAM[0m
[0;32mI (236) spi_flash: detected chip: gd[0m
[0;32mI (238) spi_flash: flash io: dio[0m
[0;33mW (241) spi_flash: Detected size(8192k) larger than the size in the binary image header(2048k). Using the size in the binary image header.[0m
[0;32mI (254) sleep_gpio: Configure to isolate all GPIO pins in sleep state[0m
[0;32mI (260) sleep_gpio: Enable automatic switching of GPIO sleep configuration[0m
[0;32mI (267) main_task: Started on CPU0[0m
[0;32mI (287) main_task: Calling app_main()[0m
Starting Heltec GPS Project...
I2C initialized successfully
[0;32mI (557) SSD1306: OLED configured successfully[0m
OLED initialized
GPS task started...
ESP-ROM:esp32s3-20210327
Build:Mar 27 2021
rst:0x1 (POWERON),boot:0x8 (SPI_FAST_FLASH_BOOT)
SPIWP:0xee
mode:DIO, clock div:1
load:0x3fce2820,len:0x158c
load:0x403c8700,len:0xd24
load:0x403cb700,len:0x2f34
entry 0x403c8924
[0;32mI (24) boot: ESP-IDF v5.5.2 2nd stage bootloader[0m
[0;32mI (25) boot: compile time Mar 26 2026 17:58:07[0m
[0;32mI (25) boot: Multicore bootloader[0m
[0;32mI (25) boot: chip revision: v0.2[0m
[0;32mI (28) boot: efuse block revision: v1.3[0m
[0;32mI (31) boot.esp32s3: Boot SPI Speed : 80MHz[0m
[0;32mI (35) boot.esp32s3: SPI Mode       : DIO[0m
[0;32mI (39) boot.esp32s3: SPI Flash Size : 2MB[0m
[0;32mI (43) boot: Enabling RNG early entropy source...[0m
[0;32mI (47) boot: Partition Table:[0m
[0;32mI (50) boot: ## Label            Usage          Type ST Offset   Length[0m
[0;32mI (56) boot:  0 nvs              WiFi data        01 02 00009000 00006000[0m
[0;32mI (63) boot:  1 phy_init         RF data          01 01 0000f000 00001000[0m
[0;32mI (69) boot:  2 factory          factory app      00 00 00010000 00100000[0m
[0;32mI (76) boot: End of partition table[0m
[0;32mI (79) esp_image: segment 0: paddr=00010020 vaddr=3c020020 size=0d17ch ( 53628) map[0m
[0;32mI (96) esp_image: segment 1: paddr=0001d1a4 vaddr=3fc94000 size=02e74h ( 11892) load[0m
[0;32mI (99) esp_image: segment 2: paddr=00020020 vaddr=42000020 size=1ec78h (126072) map[0m
[0;32mI (123) esp_image: segment 3: paddr=0003eca0 vaddr=3fc96e74 size=0007ch (   124) load[0m
[0;32mI (124) esp_image: segment 4: paddr=0003ed24 vaddr=40374000 size=0ff80h ( 65408) load[0m
[0;32mI (141) esp_image: segment 5: paddr=0004ecac vaddr=50000000 size=00020h (    32) load[0m
[0;32mI (148) boot: Loaded app from partition at offset 0x10000[0m
[0;32mI (148) boot: Disabling RNG early entropy source...[0m
[0;32mI (159) cpu_start: Multicore app[0m
[0;32mI (168) cpu_start: GPIO 44 and 43 are used as console UART I/O pins[0m
[0;32mI (168) cpu_start: Pro cpu start user code[0m
[0;32mI (168) cpu_start: cpu freq: 160000000 Hz[0m
[0;32mI (170) app_init: Application information:[0m
[0;32mI (174) app_init: Project name:     Heltec_LoRa_WiFi_GPS[0m
[0;32mI (179) app_init: App version:      a4c6a33-dirty[0m
[0;32mI (183) app_init: Compile time:     Mar 26 2026 17:56:43[0m
[0;32mI (188) app_init: ELF file SHA256:  c42d577ea...[0m
[0;32mI (193) app_init: ESP-IDF:          v5.5.2[0m
[0;32mI (196) efuse_init: Min chip rev:     v0.0[0m
[0;32mI (200) efuse_init: Max chip rev:     v0.99 [0m
[0;32mI (204) efuse_init: Chip rev:         v0.2[0m
[0;32mI (208) heap_init: Initializing. RAM available for dynamic allocation:[0m
[0;32mI (214) heap_init: At 3FC97C88 len 00051A88 (326 KiB): RAM[0m
[0;32mI (219) heap_init: At 3FCE9710 len 00005724 (21 KiB): RAM[0m
[0;32mI (225) heap_init: At 3FCF0000 len 00008000 (32 KiB): DRAM[0m
[0;32mI (230) heap_init: At 600FE000 len 00001FE8 (7 KiB): RTCRAM[0m
[0;32mI (236) spi_flash: detected chip: gd[0m
[0;32mI (238) spi_flash: flash io: dio[0m
[0;33mW (241) spi_flash: Detected size(8192k) larger than the size in the binary image header(2048k). Using the size in the binary image header.[0m
[0;32mI (254) sleep_gpio: Configure to isolate all GPIO pins in sleep state[0m
[0;32mI (260) sleep_gpio: Enable automatic switching of GPIO sleep configuration[0m
[0;32mI (267) main_task: Started on CPU0[0m
[0;32mI (287) main_task: Calling app_main()[0m
Starting Heltec GPS Project...
I2C initialized successfully
[0;32mI (557) SSD1306: OLED configured successfully[0m
OLED initialized
GPS task started...
ESP-ROM:esp32s3-20210327
Build:Mar 27 2021
rst:0x1 (POWERON),boot:0x8 (SPI_FAST_FLASH_BOOT)
SPIWP:0xee
mode:DIO, clock div:1
load:0x3fce2820,len:0x158c
load:0x403c8700,len:0xd24
load:0x403cb700,len:0x2f34
entry 0x403c8924
[0;32mI (24) boot: ESP-IDF v5.5.2 2nd stage bootloader[0m
[0;32mI (25) boot: compile time Mar 26 2026 17:58:07[0m
[0;32mI (25) boot: Multicore bootloader[0m
[0;32mI (25) boot: chip revision: v0.2[0m
[0;32mI (28) boot: efuse block revision: v1.3[0m
[0;32mI (31) boot.esp32s3: Boot SPI Speed : 80MHz[0m
[0;32mI (35) boot.esp32s3: SPI Mode       : DIO[0m
[0;32mI (39) boot.esp32s3: SPI Flash Size : 2MB[0m
[0;32mI (43) boot: Enabling RNG early entropy source...[0m
[0;32mI (47) boot: Partition Table:[0m
[0;32mI (50) boot: ## Label            Usage          Type ST Offset   Length[0m
[0;32mI (56) boot:  0 nvs              WiFi data        01 02 00009000 00006000[0m
[0;32mI (63) boot:  1 phy_init         RF data          01 01 0000f000 00001000[0m
[0;32mI (69) boot:  2 factory          factory app      00 00 00010000 00100000[0m
[0;32mI (76) boot: End of partition table[0m
[0;32mI (79) esp_image: segment 0: paddr=00010020 vaddr=3c020020 size=0d17ch ( 53628) map[0m
[0;32mI (96) esp_image: segment 1: paddr=0001d1a4 vaddr=3fc94000 size=02e74h ( 11892) load[0m
[0;32mI (99) esp_image: segment 2: paddr=00020020 vaddr=42000020 size=1ec78h (126072) map[0m
[0;32mI (123) esp_image: segment 3: paddr=0003eca0 vaddr=3fc96e74 size=0007ch (   124) load[0m
[0;32mI (124) esp_image: segment 4: paddr=0003ed24 vaddr=40374000 size=0ff80h ( 65408) load[0m
[0;32mI (141) esp_image: segment 5: paddr=0004ecac vaddr=50000000 size=00020h (    32) load[0m
[0;32mI (148) boot: Loaded app from partition at offset 0x10000[0m
[0;32mI (148) boot: Disabling RNG early entropy source...[0m
[0;32mI (159) cpu_start: Multicore app[0m
[0;32mI (168) cpu_start: GPIO 44 and 43 are used as console UART I/O pins[0m
[0;32mI (168) cpu_start: Pro cpu start user code[0m
[0;32mI (168) cpu_start: cpu freq: 160000000 Hz[0m
[0;32mI (170) app_init: Application information:[0m
[0;32mI (174) app_init: Project name:     Heltec_LoRa_WiFi_GPS[0m
[0;32mI (179) app_init: App version:      a4c6a33-dirty[0m
[0;32mI (183) app_init: Compile time:     Mar 26 2026 17:56:43[0m
[0;32mI (188) app_init: ELF file SHA256:  c42d577ea...[0m
[0;32mI (193) app_init: ESP-IDF:          v5.5.2[0m
[0;32mI (196) efuse_init: Min chip rev:     v0.0[0m
[0;32mI (200) efuse_init: Max chip rev:     v0.99 [0m
[0;32mI (204) efuse_init: Chip rev:         v0.2[0m
[0;32mI (208) heap_init: Initializing. RAM available for dynamic allocation:[0m
[0;32mI (214) heap_init: At 3FC97C88 len 00051A88 (326 KiB): RAM[0m
[0;32mI (219) heap_init: At 3FCE9710 len 00005724 (21 KiB): RAM[0m
[0;32mI (225) heap_init: At 3FCF0000 len 00008000 (32 KiB): DRAM[0m
[0;32mI (230) heap_init: At 600FE000 len 00001FE8 (7 KiB): RTCRAM[0m
[0;32mI (236) spi_flash: detected chip: gd[0m
[0;32mI (238) spi_flash: flash io: dio[0m
[0;33mW (241) spi_flash: Detected size(8192k) larger than the size in the binary image header(2048k). Using the size in the binary image header.[0m
[0;32mI (254) sleep_gpio: Configure to isolate all GPIO pins in sleep state[0m
[0;32mI (260) sleep_gpio: Enable automatic switching of GPIO sleep configuration[0m
[0;32mI (267) main_task: Started on CPU0[0m
[0;32mI (287) main_task: Calling app_main()[0m
Starting Heltec GPS Project...
I2C initialized successfully
[0;32mI (557) SSD1306: OLED configured successfully[0m
OLED initialized
GPS task started...
